// Jest Snapshot v1, https://goo.gl/fbAQLP

exports[`App should render the App Component correctly 1`] = `
<div
  className="App"
>
  <LaunchProgram />
  <div
    className="doneBy"
  >
    <h3
      className="center"
    >
       Developed By: 
    </h3>
    <span
      className="devName"
    >
       Damini Upadhyay 
    </span>
  </div>
</div>
`;
